// Jest Snapshot v1, https://goo.gl/fbAQLP

exports[`HackerNewsStory container renders a snapshot when not props are set 1`] = `
<li
  class="mdc-list-item"
>
  <span
    class="mdc-list-item__text"
  >
    1
    <span
      class="mdc-list-item__secondary-text"
    >
      Second-line text
    </span>
  </span>
</li>
`;
