// Jest Snapshot v1, https://goo.gl/fbAQLP

exports[`HackernewsList container renders a snapshot 1`] = `
<ul
  class="mdc-list hackernewslist_list"
>
  <li
    class="mdc-list-item"
  >
    <span
      class="mdc-list-item__text"
    >
      1
      <span
        class="mdc-list-item__secondary-text"
      >
        Second-line text
      </span>
    </span>
  </li>
</ul>
`;
